
> web@0.1.0 build
> next build

▲ Next.js 16.3.5 (Turbopack)
✓ Running next.config.ts took 1057ms
- Experiments (use with caution):
  · proxyTimeout: 180000

  Creating an optimized production build ...

-----
[1m[31mFATAL[39m[0m: An unexpected Turbopack error occurred. A panic log has been written to /var/folders/rz/g3j_5h4n48b96p2bqngh6sq80000gn/T/next-panic-cc9a22379d71abde5ffa30e8448e5f15.log.

To help make Turbopack better, report this error by clicking here: https://bugs.nextjs.org/search?category=turbopack-error-report&title=Turbopack%20Error%3A%20Failed%20to%20write%20app%20endpoint%20%2Ficon.svg%2Froute&body=Turbopack%20version%3A%20%60ca2c75eb%60%0ANext.js%20version%3A%20%600.0.0%60%0A%0AError%20message%3A%0A%60%60%60%0AFailed%20to%20write%20app%20endpoint%20%2Ficon.svg%2Froute%0A%0ACaused%20by%3A%0A-%20%5Bproject%5D%2Fapps%2Fweb%2Fsrc%2Fapp%2F%28blueprint%29%2Fglobals.css%20%5Bapp-client%5D%20%28css%29%0A-%20FileSystemPath%28%22apps%2Fweb%22%29.join%28%22..%2F..%2F..%2F..%2Fstandardphysics%2Fapps%2Fweb%2Fnode_modules%22%29%20leaves%20the%20filesystem%20root%0A%0ADebug%20info%3A%0A-%20Execution%20of%20get_all_written_entrypoints_with_issues_operation%20failed%0A-%20Execution%20of%20EntrypointsOperation%3A%3Anew%20failed%0A-%20Execution%20of%20all_entrypoints_write_to_disk_operation%20failed%0A-%20Execution%20of%20output_assets_operation%20failed%0A-%20Execution%20of%20%3CAppEndpoint%20as%20Endpoint%3E%3A%3Aoutput%20failed%0A-%20Failed%20to%20write%20app%20endpoint%20%2Ficon.svg%2Froute%0A-%20Execution%20of%20AppEndpoint%3A%3Aoutput%20failed%0A-%20Execution%20of%20whole_app_module_graph_operation%20failed%0A-%20Execution%20of%20%2AProject%3A%3Aget_all_additional_entries%20failed%0A-%20Execution%20of%20ModuleGraph%3A%3Afrom_graphs%20failed%0A-%20Execution%20of%20ModuleGraph%3A%3Afrom_graphs_inner%20failed%0A-%20Execution%20of%20SingleModuleGraph%3A%3Anew_with_entries%20failed%0A-%20%5Bproject%5D%2Fapps%2Fweb%2Fsrc%2Fapp%2F%28blueprint%29%2Fglobals.css%20%5Bapp-client%5D%20%28css%29%0A-%20Execution%20of%20primary_chunkable_referenced_modules%20failed%0A-%20Execution%20of%20%3CCssModule%20as%20Module%3E%3A%3Areferences%20failed%0A-%20Execution%20of%20parse_css%20failed%0A-%20Execution%20of%20%3CPostCssTransformedAsset%20as%20Asset%3E%3A%3Acontent%20failed%0A-%20Execution%20of%20PostCssTransformedAsset%3A%3Aprocess%20failed%0A-%20Execution%20of%20evaluate_webpack_loader%20failed%0A-%20FileSystemPath%28%22apps%2Fweb%22%29.join%28%22..%2F..%2F..%2F..%2Fstandardphysics%2Fapps%2Fweb%2Fnode_modules%22%29%20leaves%20the%20filesystem%20root%0A%60%60%60&labels=Turbopack,Turbopack%20Panic%20Backtrace
-----


> Build error occurred
Error [TurbopackInternalError]: Failed to write app endpoint /icon.svg/route

Caused by:
- [project]/apps/web/src/app/(blueprint)/globals.css [app-client] (css)
- FileSystemPath("apps/web").join("../../../../standardphysics/apps/web/node_modules") leaves the filesystem root

Debug info:
- Execution of get_all_written_entrypoints_with_issues_operation failed
- Execution of EntrypointsOperation::new failed
- Execution of all_entrypoints_write_to_disk_operation failed
- Execution of output_assets_operation failed
- Execution of <AppEndpoint as Endpoint>::output failed
- Failed to write app endpoint /icon.svg/route
- Execution of AppEndpoint::output failed
- Execution of whole_app_module_graph_operation failed
- Execution of *Project::get_all_additional_entries failed
- Execution of ModuleGraph::from_graphs failed
- Execution of ModuleGraph::from_graphs_inner failed
- Execution of SingleModuleGraph::new_with_entries failed
- [project]/apps/web/src/app/(blueprint)/globals.css [app-client] (css)
- Execution of primary_chunkable_referenced_modules failed
- Execution of <CssModule as Module>::references failed
- Execution of parse_css failed
- Execution of <PostCssTransformedAsset as Asset>::content failed
- Execution of PostCssTransformedAsset::process failed
- Execution of evaluate_webpack_loader failed
- FileSystemPath("apps/web").join("../../../../standardphysics/apps/web/node_modules") leaves the filesystem root
    at <unknown> (TurbopackInternalError: Failed to write app endpoint /icon.svg/route) {
  type: 'TurbopackInternalError',
  location: undefined
}
