{
  "kind": "fresh_phone_upload_audit_read_only",
  "scan_id": "14b50ba6-3921-4206-aa45-1fec03f649a0",
  "scan_name": "8th floor blackwell whiteboard",
  "artifact_bytes_hashed": 473,
  "supervisor_claimed_artifact_count": 473,
  "count_matches": true,
  "jpeg_count": 465,
  "jpeg_dimensions": {
    "1920x1440": 465
  },
  "unreadable_jpegs": [],
  "frame_count": 465,
  "supervisor_manifest_frame_count": 465,
  "manifest_file": "photo-manifest",
  "manifest_frame_ids_sample": [
    "frame-0000",
    "frame-0464"
  ],
  "frame_pos_counts_pairing": {
    "frame_files": 465,
    "pose_entries_in_manifest": 465,
    "frame_pose_ids_match": true
  },
  "unique_sha256_count": 473,
  "claim_verdict": {
    "supervisor_counts_confirmed": true,
    "all_frames_readable": true
  },
  "db_read_only_snapshot": {
    "tables": [
      "artifacts",
      "assessments",
      "jobs",
      "owners",
      "revisions",
      "scans",
      "scenarios",
      "sessions",
      "simulations",
      "sqlite_sequence",
      "texture_builds"
    ],
    "scan_row": {
      "id": "14b50ba6-3921-4206-aa45-1fec03f649a0",
      "name": "8th floor blackwell whiteboard",
      "created_at": "2026-09-22T00:49:30.678242+00:00",
      "device_model": "iPhone18,1",
      "duration_seconds": 238.38678141700802,
      "state": "ready",
      "content_hash": "bc86be76c0e3e4d7aafcbed6b2d14e88a036961097949d7333e36badb8c7f403",
      "coverage_json": "[{\"node_id\": \"0cf3034d-6f24-4056-8a3c-938bfd41187d\", \"observed_fraction\": 0.43892401456832886, \"viewpoint_count\": 4}, {\"node_id\": \"1e96107e-de72-41fa-ab4a-6e6fba412978\", \"observed_fraction\": 0.3000001013278961, \"viewpoint_count\": 3}, {\"node_id\": \"2207564c-2c51-4b82-9d65-189bae0c11e7\", \"observed_fraction\": 0.6699994206428528, \"viewpoint_count\": 5}, {\"node_id\": \"221e2202-0342-4343-b0f8-c03746222e81\", \"observed_fraction\": 0.5255672931671143, \"viewpoint_count\": 5}, {\"node_id\": \"30f5a6ec-0b84-45e0-99df-8bbb6ea8b86c\", \"observed_fraction\": 0.4003746509552002, \"viewpoint_count\": 3}, {\"node_id\": \"3a4be40c-cd59-4249-9b9e-8b64593c35b8\", \"observed_fraction\": 0.5108858942985535, \"viewpoint_count\": 5}, {\"node_id\": \"4a81212b-f981-4c13-9030-e913e45b0072\", \"observed_fraction\": 0.40575242042541504, \"viewpoint_count\": 1}, {\"node_id\": \"54f8a1dc-21bd-4fce-b1dd-f7601969667e\", \"observed_fraction\": 0.6170499324798584, \"viewpoint_count\": 4}, {\"node_id\": \"76ed4f1b-9bac-4c42-b76e-df4b685723fc\", \"observed_fraction\": 0.7000001668930054, \"viewpoint_count\": 11}, {\"node_id\": \"777c5c58-2076-4001-b03a-ba1b4e43c9f2\", \"observed_fraction\": 0.0, \"viewpoint_count\": 0}, {\"node_id\": \"8c58c7e6-a685-4372-b105-eda1393cd531\", \"observed_fraction\": 0.5056219100952148, \"viewpoint_count\": 3}, {\"node_id\": \"94d4a4d8-cb59-4c93-8233-e54cce5d2276\", \"observed_fraction\": 0.299999862909317, \"viewpoint_count\": 2}, {\"node_id\": \"a3b013d3-b795-465e-b98a-8d2bbbf71c38\", \"observed_fraction\": 0.2399
