F                                                                        [100%]
=================================== FAILURES ===================================
_____________ test_auth_01_crop_authorization_and_traversal_denial _____________

make_client = <function make_client.<locals>.build at 0x10c740360>

    def test_auth_01_crop_authorization_and_traversal_denial(make_client):
        """AUTH-01: Anonymous and second-user access denied; traversal attacks blocked."""
        # User 1 creates scan and crop
        client1 = make_client(sign_in_as_owner=True)
        scan_id = create_scan(client1)
        store = client1.app.state.store
    
        crops_dir = store.scan_dir(scan_id) / "crops"
        crops_dir.mkdir(parents=True, exist_ok=True)
        img = Image.new("RGB", (50, 50), color=(10, 20, 30))
        img.save(crops_dir / "secret-crop.jpg", format="JPEG")
    
        # 1. Anonymous requester (no session) gets 401
        client_anon = make_client(sign_in_as_owner=False)
        resp_anon = client_anon.get(f"/api/scans/{scan_id}/crops/secret-crop.jpg")
        assert resp_anon.status_code == 401
        assert "sign in to continue" in resp_anon.text
    
        # 2. Second user guessing crop ID gets 404 (scan not found for them, no existence leakage)
        client2 = make_client(sign_in_as_owner=False)
        sign_up(client2, email="user2@example.com", password="password-for-user-2")
        resp_user2 = client2.get(f"/api/scans/{scan_id}/crops/secret-crop.jpg")
>       assert resp_user2.status_code == 404
E       assert 200 == 404
E        +  where 200 = <Response [200 OK]>.status_code

services/api/tests/test_crop_routes.py:74: AssertionError
=============================== warnings summary ===============================
../../../Users/yanzihao/Documents/standardphysics/.venv/lib/python3.11/site-packages/starlette/testclient.py:53
  /Users/yanzihao/Documents/standardphysics/.venv/lib/python3.11/site-packages/starlette/testclient.py:53: DeprecationWarning: The anyio.abc.BlockingPortal alias is deprecated, use anyio.from_thread.BlockingPortal instead.
    _PortalFactoryType = Callable[[], AbstractContextManager[anyio.abc.BlockingPortal]]

-- Docs: https://docs.pytest.org/en/stable/how-to/capture-warnings.html
=========================== short test summary info ============================
FAILED services/api/tests/test_crop_routes.py::test_auth_01_crop_authorization_and_traversal_denial
1 failed, 1 warning in 0.13s
