F                                                                        [100%]
=================================== FAILURES ===================================
_______________ test_denominator_counts_only_photographed_pixels _______________

tmp_path = PosixPath('/private/var/folders/rz/g3j_5h4n48b96p2bqngh6sq80000gn/T/pytest-of-yanzihao/pytest-492/test_denominator_counts_only_p0')

    def test_denominator_counts_only_photographed_pixels(tmp_path):
        photographed_path = tmp_path / "coverage.png"
        _pass_with_hole(photographed_path)
        fixed_mask = np.ones((10, 10), dtype=bool)
        roi_mask = fixed_mask.copy()
        result = covered_fraction(photographed_path, fixed_mask, roi_mask)
        assert result["target_pixels"] == 100
        assert result["photographed_fraction"] == 0.96
        assert result["critical_roi_fraction"] == 0.96
        holes, _untextured = hole_metrics(photographed_path, fixed_mask)
>       assert holes["largest_hole_fraction"] == 0.04
E       assert 0.0 == 0.04

/tmp/q7-g15-test.py:41: AssertionError
=========================== short test summary info ============================
FAILED ../../../tmp/q7-g15-test.py::test_denominator_counts_only_photographed_pixels
1 failed in 0.46s
