============================= test session starts ==============================
platform darwin -- Python 3.11.1, pytest-9.1.1, pluggy-1.6.0 -- /Users/yanzihao/Documents/standardphysics/.venv/bin/python
cachedir: .pytest_cache
rootdir: /Users/yanzihao/Documents/standardphysics-opencode-20260921-170615/Q
configfile: pytest.ini
plugins: anyio-4.15.1
collecting ... collected 24 items

scripts/shop_pilot/tests/test_receipt_verifier.py::test_valid_receipt_passes PASSED [  4%]
scripts/shop_pilot/tests/test_receipt_verifier.py::test_old_g9_rebuilt_graph_shape_is_invalid PASSED [  8%]
scripts/shop_pilot/tests/test_receipt_verifier.py::test_old_g9_prose_artifact_map_is_invalid PASSED [ 12%]
scripts/shop_pilot/tests/test_receipt_verifier.py::test_digest_for_nonexistent_file_is_invalid PASSED [ 16%]
scripts/shop_pilot/tests/test_receipt_verifier.py::test_changed_file_with_old_digest_is_invalid PASSED [ 20%]
scripts/shop_pilot/tests/test_receipt_verifier.py::test_empty_graph_claimed_to_contain_outlet_is_invalid PASSED [ 25%]
scripts/shop_pilot/tests/test_receipt_verifier.py::test_wrong_revision_artifact_is_invalid PASSED [ 29%]
scripts/shop_pilot/tests/test_receipt_verifier.py::test_unknown_assertion_method_is_invalid PASSED [ 33%]
scripts/shop_pilot/tests/test_receipt_verifier.py::test_fabricated_policy_hash_is_invalid PASSED [ 37%]
scripts/shop_pilot/tests/test_receipt_verifier.py::test_physical_evidence_without_identity_check_is_blocked PASSED [ 41%]
scripts/shop_pilot/tests/test_receipt_verifier.py::test_secret_printing_command_is_invalid PASSED [ 45%]
scripts/shop_pilot/tests/test_receipt_verifier.py::test_human_review_cannot_use_self_review_identity PASSED [ 50%]
scripts/shop_pilot/tests/test_receipt_verifier.py::test_synthetic_receipt_cannot_pass_physical_gate PASSED [ 54%]
scripts/shop_pilot/tests/test_receipt_verifier.py::test_fixture_receipt_cannot_claim_new_shop_field PASSED [ 58%]
scripts/shop_pilot/tests/test_receipt_verifier.py::test_simulator_evidence_blocks_fresh_phone_gate PASSED [ 62%]
scripts/shop_pilot/tests/test_receipt_verifier.py::test_agent_identity_rejected_as_human_review PASSED [ 66%]
scripts/shop_pilot/tests/test_receipt_verifier.py::test_fabricated_dirty_source_digest_fails_recompute PASSED [ 70%]
scripts/shop_pilot/tests/test_receipt_verifier.py::test_declared_dirty_file_with_wrong_hash_is_invalid PASSED [ 75%]
scripts/shop_pilot/tests/test_receipt_verifier.py::test_receipt_bound_to_stale_commit_is_blocked PASSED [ 79%]
scripts/shop_pilot/tests/test_receipt_verifier.py::test_human_review_without_corroboration_is_blocked PASSED [ 83%]
scripts/shop_pilot/tests/test_receipt_verifier.py::test_human_review_corroborated_by_artifact_bytes_is_valid PASSED [ 87%]
scripts/shop_pilot/tests/test_receipt_verifier.py::test_g9_certificate_blocked_by_invalid_receipt PASSED [ 91%]
scripts/shop_pilot/tests/test_old_verifier_gap.py::test_old_verifier_accepts_fabricated_receipt PASSED [ 95%]
scripts/shop_pilot/tests/test_old_verifier_gap.py::test_new_verifier_rejects_same_fabricated_receipt PASSED [100%]

============================== 24 passed in 0.16s ==============================
